[preflight] Verifying Bronze / Silver / Gold jobs are RUNNING …
  Found: insert-into_iceberg_cat.bronze.heart_rate_intraday,iceberg_cat.bronze.hrv_intraday,iceberg_cat.bronze.breathing_intraday | insert-into_iceberg_cat.silver.heart_rate_intraday,iceberg_cat.silver.hrv_intraday,iceberg_cat.silver.breathing_intraday | insert-into_iceberg_cat.gold.daily_intraday_summary
  ✓ All 3 streaming jobs running.

Pipeline B Benchmark — Flink streaming + Iceberg
Request rates : [100] users/tick
Warmup runs   : 1  Measured runs: 3
Burst duration: 10s equivalent (100 fixed ticks)  Staleness poll: 5.0s
Results  → benchmark/results_20260527_033904.csv
Staleness → benchmark/staleness_20260527_033904.csv

======================================================================
[B] Run 1  ≈3000.0 req/s (WARMUP)
======================================================================
  [baseline] bronze=0 silver=0 gold=0 rows
  [producer] PID=84477  users_per_tick=100  delay=0.1s
  [producer] Running fixed workload: 100 ticks …
  [producer] Stopped at 12.36s — waiting for pipeline to catch up …
    [stable] Bronze → 24.89s
    [stable] Silver → 40.18s
  [gold] Silver stable; waiting for Gold to drain (idle=45s, max=800s) …
    [stable] Gold → 57.56s

  ── Staleness (Gold during run) ──────────────────────────────
     avg=20.47s  max=45.6s  min=0.5s
  ── First-message latency ────────────────────────────────────
     Gold first commit at 42.51s after producer start
  ── Catch-up lag (after producer stop) ───────────────────────
     Bronze=24.9s  Silver=40.18s  Gold=45.2s
  ── Throughput (rows/s during burst) ─────────────────────────
     Bronze=3000.0  Silver=3000.0
  ── Integrity metrics ────────────────────────────────────────
     actual_input=2427.2 rows/s  silver/bronze=1.0  catchup_ratio=4.52x
  ── Gold refreshed: yes rows_current=15 ──
  ── E2E=57.56s  rows added: b=30000 s=30000 gold_delta=15 ──

======================================================================
[B] Run 2  ≈3000.0 req/s
======================================================================
  [baseline] bronze=30000 silver=30000 gold=15 rows
  [producer] PID=87164  users_per_tick=100  delay=0.1s
  [producer] Running fixed workload: 100 ticks …
  [producer] Stopped at 12.26s — waiting for pipeline to catch up …
    [stable] Bronze → 24.7s
    [stable] Silver → 43.04s
  [gold] Silver stable; waiting for Gold to drain (idle=45s, max=800s) …
    [stable] Gold → 57.44s

  ── Staleness (Gold during run) ──────────────────────────────
     avg=41.66s  max=89.3s  min=3.9s
  ── First-message latency ────────────────────────────────────
     Gold first commit at 42.39s after producer start
  ── Catch-up lag (after producer stop) ───────────────────────
     Bronze=24.71s  Silver=43.05s  Gold=45.18s
  ── Throughput (rows/s during burst) ─────────────────────────
     Bronze=3000.0  Silver=3000.0
  ── Integrity metrics ────────────────────────────────────────
     actual_input=2447.0 rows/s  silver/bronze=1.0  catchup_ratio=4.52x
  ── Gold refreshed: yes rows_current=15 ──
  ── E2E=57.44s  rows added: b=30000 s=30000 gold_delta=0 ──

======================================================================
[B] Run 3  ≈3000.0 req/s
======================================================================
  [baseline] bronze=60000 silver=60000 gold=15 rows
  [producer] PID=90215  users_per_tick=100  delay=0.1s
  [producer] Running fixed workload: 100 ticks …
  [producer] Stopped at 12.26s — waiting for pipeline to catch up …
    [stable] Bronze → 24.7s
    [stable] Silver → 43.02s
  [gold] Silver stable; waiting for Gold to drain (idle=45s, max=800s) …
    [stable] Gold → 57.45s

  ── Staleness (Gold during run) ──────────────────────────────
     avg=40.49s  max=88.5s  min=1.9s
  ── First-message latency ────────────────────────────────────
     Gold first commit at 45.41s after producer start
  ── Catch-up lag (after producer stop) ───────────────────────
     Bronze=24.7s  Silver=43.03s  Gold=45.19s
  ── Throughput (rows/s during burst) ─────────────────────────
     Bronze=3000.0  Silver=3000.0
  ── Integrity metrics ────────────────────────────────────────
     actual_input=2447.0 rows/s  silver/bronze=1.0  catchup_ratio=4.52x
  ── Gold refreshed: yes rows_current=61 ──
  ── E2E=57.45s  rows added: b=30000 s=30000 gold_delta=46 ──

======================================================================
[B] Run 4  ≈3000.0 req/s
======================================================================
  [baseline] bronze=90000 silver=90000 gold=61 rows
  [producer] PID=92695  users_per_tick=100  delay=0.1s
  [producer] Running fixed workload: 100 ticks …
  [producer] Stopped at 12.21s — waiting for pipeline to catch up …
    [stable] Bronze → 15.42s
    [stable] Silver → 30.69s
  [gold] Silver stable; waiting for Gold to drain (idle=45s, max=800s) …
    [stable] Gold → 45.35s

  ── Staleness (Gold during run) ──────────────────────────────
     avg=44.01s  max=87.2s  min=0.7s
  ── First-message latency ────────────────────────────────────
     Gold first commit at 45.35s after producer start
  ── Catch-up lag (after producer stop) ───────────────────────
     Bronze=15.42s  Silver=30.7s  Gold=33.14s
  ── Throughput (rows/s during burst) ─────────────────────────
     Bronze=3000.0  Silver=3000.0
  ── Integrity metrics ────────────────────────────────────────
     actual_input=2457.0 rows/s  silver/bronze=1.0  catchup_ratio=3.31x
  ── Gold refreshed: yes rows_current=100 ──
  ── E2E=45.35s  rows added: b=30000 s=30000 gold_delta=39 ──

--- Rate 100 users/tick (3000.0 req/s) ---
  Gold E2E           : 53.4s
  First-msg latency  : 44.4s  (producer start → first Gold commit)
  Avg staleness      : 42.1s
  Max staleness      : 88.3s
  Bronze catch-up    : 21.6s
  Silver catch-up    : 38.9s
  Gold catch-up      : 41.2s
  Actual input rps   : 2450.3 rows/s
  Catch-up ratio     : 4.12x
  Silver/Bronze      : 1.000
  Bronze throughput  : 3000.0 rows/s
  Silver throughput  : 3000.0 rows/s
  Rows added         : bronze=30000 silver=30000
  Gold refreshed     : 3/3 run(s)
  Engine RAM peak    : 13391 MiB

========================================================================================================================
   req/s |      E2E |  1stLatency |  AvgStale |  MaxStale |  GoldLag | B rows/s | S rows/s |  B rows |  S rows | GoldOK |  EngineRAM
------------------------------------------------------------------------------------------------------------------------
  3000.0 |    53.4s |       44.4s |     42.1s |     88.3s |    41.2s |   3000.0 |   3000.0 |   30000 |   30000 |    3/3 |   13391MiB

Done. Results → benchmark/results_20260527_033904.csv  Staleness → benchmark/staleness_20260527_033904.csv
