[preflight] Verifying Bronze / Silver / Gold jobs are RUNNING …
  Found: insert-into_iceberg_cat.bronze.heart_rate_intraday,iceberg_cat.bronze.hrv_intraday,iceberg_cat.bronze.breathing_intraday | insert-into_iceberg_cat.silver.heart_rate_intraday,iceberg_cat.silver.hrv_intraday,iceberg_cat.silver.breathing_intraday | insert-into_iceberg_cat.gold.daily_intraday_summary
  ✓ All 3 streaming jobs running.

Pipeline B Benchmark — Flink streaming + Iceberg
Request rates : [100] users/tick
Warmup runs   : 1  Measured runs: 3
Burst duration: 10s equivalent (100 fixed ticks)  Staleness poll: 5.0s
Results  → benchmark/results_20260601_074420.csv
Staleness → benchmark/staleness_20260601_074420.csv

======================================================================
[B] Run 1  ≈3000.0 req/s (WARMUP)
======================================================================
  [baseline] bronze=0 silver=0 gold=0 rows
  [producer] PID=164753  users_per_tick=100  delay=0.1s
  [producer] Running fixed workload: 100 ticks …
  [producer] Stopped at 12.25s — waiting for pipeline to catch up …
    [stable] Bronze → 24.51s
    [stable] Silver → 39.7s
  [gold] Silver stable; waiting for Gold to drain (idle=45s, max=800s) …
    [stable] Gold → 63.41s

  ── Staleness (Gold during run) ──────────────────────────────
     avg=20.09s  max=44.0s  min=3.5s
  ── First-message latency ────────────────────────────────────
     Gold first commit at 48.37s after producer start
  ── Catch-up lag (after producer stop) ───────────────────────
     Bronze=24.51s  Silver=39.71s  Gold=51.16s
  ── Throughput (rows/s during burst) ─────────────────────────
     Bronze=3000.0  Silver=3000.0
  ── Integrity metrics ────────────────────────────────────────
     actual_input=2449.0 rows/s  silver/bronze=1.0  catchup_ratio=5.12x
  ── Gold refreshed: yes rows_current=0 ──
  ── E2E=63.41s  rows added: b=30000 s=30000 gold_delta=0 ──

======================================================================
[B] Run 2  ≈3000.0 req/s
======================================================================
  [baseline] bronze=30000 silver=30000 gold=0 rows
  [producer] PID=169093  users_per_tick=100  delay=0.1s
  [producer] Running fixed workload: 100 ticks …
  [producer] Stopped at 12.11s — waiting for pipeline to catch up …
    [stable] Bronze → 21.39s
    [stable] Silver → 33.53s
  [gold] Silver stable; waiting for Gold to drain (idle=45s, max=800s) …
    [stable] Gold → 60.25s

  ── Staleness (Gold during run) ──────────────────────────────
     avg=40.46s  max=88.1s  min=2.7s
  ── First-message latency ────────────────────────────────────
     Gold first commit at 45.21s after producer start
  ── Catch-up lag (after producer stop) ───────────────────────
     Bronze=21.38s  Silver=33.53s  Gold=48.14s
  ── Throughput (rows/s during burst) ─────────────────────────
     Bronze=3000.0  Silver=3000.0
  ── Integrity metrics ────────────────────────────────────────
     actual_input=2477.3 rows/s  silver/bronze=1.0  catchup_ratio=4.81x
  ── Gold refreshed: yes rows_current=0 ──
  ── E2E=60.25s  rows added: b=30000 s=30000 gold_delta=0 ──

======================================================================
[B] Run 3  ≈3000.0 req/s
======================================================================
  [baseline] bronze=60000 silver=60000 gold=0 rows
  [producer] PID=173407  users_per_tick=100  delay=0.1s
  [producer] Running fixed workload: 100 ticks …
  [producer] Stopped at 12.1s — waiting for pipeline to catch up …
    [stable] Bronze → 18.32s
    [stable] Silver → 33.51s
  [gold] Silver stable; waiting for Gold to drain (idle=45s, max=800s) …
    [stable] Gold → 57.23s

  ── Staleness (Gold during run) ──────────────────────────────
     avg=40.75s  max=88.5s  min=3.6s
  ── First-message latency ────────────────────────────────────
     Gold first commit at 42.19s after producer start
  ── Catch-up lag (after producer stop) ───────────────────────
     Bronze=18.33s  Silver=33.51s  Gold=45.13s
  ── Throughput (rows/s during burst) ─────────────────────────
     Bronze=3000.0  Silver=3000.0
  ── Integrity metrics ────────────────────────────────────────
     actual_input=2479.3 rows/s  silver/bronze=1.0  catchup_ratio=4.51x
  ── Gold refreshed: yes rows_current=0 ──
  ── E2E=57.23s  rows added: b=30000 s=30000 gold_delta=0 ──

======================================================================
[B] Run 4  ≈3000.0 req/s
======================================================================
  [baseline] bronze=90000 silver=90000 gold=0 rows
  [producer] PID=177058  users_per_tick=100  delay=0.1s
  [producer] Running fixed workload: 100 ticks …
  [producer] Stopped at 12.1s — waiting for pipeline to catch up …
    [stable] Bronze → 21.37s
    [stable] Silver → 36.55s
  [gold] Silver stable; waiting for Gold to drain (idle=45s, max=800s) …
    [stable] Gold → 60.23s

  ── Staleness (Gold during run) ──────────────────────────────
     avg=39.22s  max=86.3s  min=1.4s
  ── First-message latency ────────────────────────────────────
     Gold first commit at 45.2s after producer start
  ── Catch-up lag (after producer stop) ───────────────────────
     Bronze=21.37s  Silver=36.56s  Gold=48.13s
  ── Throughput (rows/s during burst) ─────────────────────────
     Bronze=3000.0  Silver=3000.0
  ── Integrity metrics ────────────────────────────────────────
     actual_input=2479.3 rows/s  silver/bronze=1.0  catchup_ratio=4.81x
  ── Gold refreshed: yes rows_current=0 ──
  ── E2E=60.23s  rows added: b=30000 s=30000 gold_delta=0 ──

--- Rate 100 users/tick (3000.0 req/s) ---
  Gold E2E           : 59.2s
  First-msg latency  : 44.2s  (producer start → first Gold commit)
  Avg staleness      : 40.1s
  Max staleness      : 87.6s
  Bronze catch-up    : 20.4s
  Silver catch-up    : 34.5s
  Gold catch-up      : 47.1s
  Actual input rps   : 2478.6 rows/s
  Catch-up ratio     : 4.71x
  Silver/Bronze      : 1.000
  Bronze throughput  : 3000.0 rows/s
  Silver throughput  : 3000.0 rows/s
  Rows added         : bronze=30000 silver=30000
  Gold refreshed     : 3/3 run(s)
  Engine RAM peak    : 6751 MiB

========================================================================================================================
   req/s |      E2E |  1stLatency |  AvgStale |  MaxStale |  GoldLag | B rows/s | S rows/s |  B rows |  S rows | GoldOK |  EngineRAM
------------------------------------------------------------------------------------------------------------------------
  3000.0 |    59.2s |       44.2s |     40.1s |     87.6s |    47.1s |   3000.0 |   3000.0 |   30000 |   30000 |    3/3 |    6751MiB

Done. Results → benchmark/results_20260601_074420.csv  Staleness → benchmark/staleness_20260601_074420.csv
