[preflight] Verifying Bronze / Silver / Gold jobs are RUNNING …
  Found: insert-into_iceberg_cat.bronze.heart_rate_intraday,iceberg_cat.bronze.hrv_intraday,iceberg_cat.bronze.breathing_intraday | insert-into_iceberg_cat.silver.heart_rate_intraday,iceberg_cat.silver.hrv_intraday,iceberg_cat.silver.breathing_intraday | insert-into_iceberg_cat.gold.daily_intraday_summary
  ✓ All 3 streaming jobs running.

Pipeline B Benchmark — Flink streaming + Iceberg
Request rates : [200] users/tick
Warmup runs   : 1  Measured runs: 3
Burst duration: 10s equivalent (100 fixed ticks)  Staleness poll: 5.0s
Results  → benchmark/results_20260524_021845.csv
Staleness → benchmark/staleness_20260524_021845.csv

======================================================================
[B] Run 1  ≈6000.0 req/s (WARMUP)
======================================================================
  [baseline] bronze=0 silver=0 gold=0 rows
  [producer] PID=1425374  users_per_tick=200  delay=0.1s
  [producer] Running fixed workload: 100 ticks …
  [producer] Stopped at 12.56s — waiting for pipeline to catch up …
    [stable] Bronze → 24.62s
    [stable] Silver → 42.9s
  [gold] Silver stable; waiting for Gold to drain (idle=45s, max=800s) …
    [stable] Gold → 54.73s

  ── Staleness (Gold during run) ──────────────────────────────
     avg=22.04s  max=47.8s  min=2.7s
  ── First-message latency ────────────────────────────────────
     Gold first commit at 42.69s after producer start
  ── Catch-up lag (after producer stop) ───────────────────────
     Bronze=24.62s  Silver=42.9s  Gold=42.17s
  ── Throughput (rows/s during burst) ─────────────────────────
     Bronze=6000.0  Silver=6000.0
  ── Integrity metrics ────────────────────────────────────────
     actual_input=4777.1 rows/s  silver/bronze=1.0  catchup_ratio=4.29x
  ── Gold refreshed: yes rows_current=0 ──
  ── E2E=55.46s  rows added: b=60000 s=60000 gold_delta=0 ──

======================================================================
[B] Run 2  ≈6000.0 req/s
======================================================================
  [baseline] bronze=60000 silver=60000 gold=0 rows
  [producer] PID=1428190  users_per_tick=200  delay=0.1s
  [producer] Running fixed workload: 100 ticks …
  [producer] Stopped at 12.36s — waiting for pipeline to catch up …
    [stable] Bronze → 15.32s
    [stable] Silver → 33.6s
  [gold] Silver stable; waiting for Gold to drain (idle=45s, max=800s) …
    [stable] Gold → 48.48s

  ── Staleness (Gold during run) ──────────────────────────────
     avg=48.86s  max=93.3s  min=4.4s
  ── First-message latency ────────────────────────────────────
     Gold first commit at 48.48s after producer start
  ── Catch-up lag (after producer stop) ───────────────────────
     Bronze=15.32s  Silver=33.6s  Gold=36.12s
  ── Throughput (rows/s during burst) ─────────────────────────
     Bronze=6000.0  Silver=6000.0
  ── Integrity metrics ────────────────────────────────────────
     actual_input=4854.4 rows/s  silver/bronze=1.0  catchup_ratio=3.61x
  ── Gold refreshed: yes rows_current=0 ──
  ── E2E=48.48s  rows added: b=60000 s=60000 gold_delta=0 ──

======================================================================
[B] Run 3  ≈6000.0 req/s
======================================================================
  [baseline] bronze=120000 silver=120000 gold=0 rows
  [producer] PID=1430670  users_per_tick=200  delay=0.1s
  [producer] Running fixed workload: 100 ticks …
  [producer] Stopped at 12.41s — waiting for pipeline to catch up …
    [stable] Bronze → 24.48s
    [stable] Silver → 42.76s
  [gold] Silver stable; waiting for Gold to drain (idle=45s, max=800s) …
    [stable] Gold → 54.54s

  ── Staleness (Gold during run) ──────────────────────────────
     avg=41.83s  max=88.7s  min=2.7s
  ── First-message latency ────────────────────────────────────
     Gold first commit at 42.51s after producer start
  ── Catch-up lag (after producer stop) ───────────────────────
     Bronze=24.48s  Silver=42.75s  Gold=42.13s
  ── Throughput (rows/s during burst) ─────────────────────────
     Bronze=6000.0  Silver=6000.0
  ── Integrity metrics ────────────────────────────────────────
     actual_input=4834.8 rows/s  silver/bronze=1.0  catchup_ratio=4.28x
  ── Gold refreshed: yes rows_current=0 ──
  ── E2E=55.16s  rows added: b=60000 s=60000 gold_delta=0 ──

======================================================================
[B] Run 4  ≈6000.0 req/s
======================================================================
  [baseline] bronze=180000 silver=180000 gold=0 rows
  [producer] PID=1433281  users_per_tick=200  delay=0.1s
  [producer] Running fixed workload: 100 ticks …
  [producer] Stopped at 14.88s — waiting for pipeline to catch up …
    [stable] Bronze → 15.49s
    [stable] Silver → 30.8s
  [gold] Silver stable; waiting for Gold to drain (idle=45s, max=800s) …
    [stable] Gold → 51.05s

  ── Staleness (Gold during run) ──────────────────────────────
     avg=47.59s  max=93.2s  min=2.0s
  ── First-message latency ────────────────────────────────────
     Gold first commit at 51.05s after producer start
  ── Catch-up lag (after producer stop) ───────────────────────
     Bronze=15.49s  Silver=30.8s  Gold=36.17s
  ── Throughput (rows/s during burst) ─────────────────────────
     Bronze=6000.0  Silver=6000.0
  ── Integrity metrics ────────────────────────────────────────
     actual_input=4032.3 rows/s  silver/bronze=1.0  catchup_ratio=3.62x
  ── Gold refreshed: yes rows_current=0 ──
  ── E2E=51.05s  rows added: b=60000 s=60000 gold_delta=0 ──

--- Rate 200 users/tick (6000.0 req/s) ---
  Gold E2E           : 51.6s
  First-msg latency  : 47.3s  (producer start → first Gold commit)
  Avg staleness      : 46.1s
  Max staleness      : 91.7s
  Bronze catch-up    : 18.4s
  Silver catch-up    : 35.7s
  Gold catch-up      : 38.1s
  Actual input rps   : 4573.8 rows/s
  Catch-up ratio     : 3.84x
  Silver/Bronze      : 1.000
  Bronze throughput  : 6000.0 rows/s
  Silver throughput  : 6000.0 rows/s
  Rows added         : bronze=60000 silver=60000
  Gold refreshed     : 3/3 run(s)
  Engine RAM peak    : 23344 MiB

========================================================================================================================
   req/s |      E2E |  1stLatency |  AvgStale |  MaxStale |  GoldLag | B rows/s | S rows/s |  B rows |  S rows | GoldOK |  EngineRAM
------------------------------------------------------------------------------------------------------------------------
  6000.0 |    51.6s |       47.3s |     46.1s |     91.7s |    38.1s |   6000.0 |   6000.0 |   60000 |   60000 |    3/3 |   23344MiB

Done. Results → benchmark/results_20260524_021845.csv  Staleness → benchmark/staleness_20260524_021845.csv
