[preflight] Verifying Bronze / Silver / Gold jobs are RUNNING …
  Found: insert-into_iceberg_cat.bronze.heart_rate_intraday,iceberg_cat.bronze.hrv_intraday,iceberg_cat.bronze.breathing_intraday | insert-into_iceberg_cat.silver.heart_rate_intraday,iceberg_cat.silver.hrv_intraday,iceberg_cat.silver.breathing_intraday | insert-into_iceberg_cat.gold.daily_intraday_summary
  ✓ All 3 streaming jobs running.

Pipeline B Benchmark — Flink streaming + Iceberg
Request rates : [200] users/tick
Warmup runs   : 1  Measured runs: 3
Burst duration: 10s equivalent (100 fixed ticks)  Staleness poll: 5.0s
Results  → benchmark/results_20260601_075731.csv
Staleness → benchmark/staleness_20260601_075731.csv

======================================================================
[B] Run 1  ≈6000.0 req/s (WARMUP)
======================================================================
  [baseline] bronze=0 silver=0 gold=0 rows
  [producer] PID=213158  users_per_tick=200  delay=0.1s
  [producer] Running fixed workload: 100 ticks …
  [producer] Stopped at 12.71s — waiting for pipeline to catch up …
    [stable] Bronze → 24.52s
    [stable] Silver → 39.72s
  [gold] Silver stable; waiting for Gold to drain (idle=45s, max=800s) …
    [stable] Gold → 66.88s

  ── Staleness (Gold during run) ──────────────────────────────
     avg=19.67s  max=46.2s  min=1.1s
  ── First-message latency ────────────────────────────────────
     Gold first commit at 51.84s after producer start
  ── Catch-up lag (after producer stop) ───────────────────────
     Bronze=24.52s  Silver=39.72s  Gold=54.17s
  ── Throughput (rows/s during burst) ─────────────────────────
     Bronze=6000.0  Silver=6000.0
  ── Integrity metrics ────────────────────────────────────────
     actual_input=4720.7 rows/s  silver/bronze=1.0  catchup_ratio=5.42x
  ── Gold refreshed: yes rows_current=0 ──
  ── E2E=66.88s  rows added: b=60000 s=60000 gold_delta=0 ──

======================================================================
[B] Run 2  ≈6000.0 req/s
======================================================================
  [baseline] bronze=60000 silver=60000 gold=0 rows
  [producer] PID=217674  users_per_tick=200  delay=0.1s
  [producer] Running fixed workload: 100 ticks …
  [producer] Stopped at 12.71s — waiting for pipeline to catch up …
    [stable] Bronze → 18.32s
    [stable] Silver → 30.46s
  [gold] Silver stable; waiting for Gold to drain (idle=45s, max=800s) …
    [stable] Gold → 57.83s

  ── Staleness (Gold during run) ──────────────────────────────
     avg=41.93s  max=89.4s  min=4.4s
  ── First-message latency ────────────────────────────────────
     Gold first commit at 42.8s after producer start
  ── Catch-up lag (after producer stop) ───────────────────────
     Bronze=18.32s  Silver=30.46s  Gold=45.12s
  ── Throughput (rows/s during burst) ─────────────────────────
     Bronze=6000.0  Silver=6000.0
  ── Integrity metrics ────────────────────────────────────────
     actual_input=4720.7 rows/s  silver/bronze=1.0  catchup_ratio=4.51x
  ── Gold refreshed: yes rows_current=0 ──
  ── E2E=57.83s  rows added: b=60000 s=60000 gold_delta=0 ──

======================================================================
[B] Run 3  ≈6000.0 req/s
======================================================================
  [baseline] bronze=120000 silver=120000 gold=0 rows
  [producer] PID=221509  users_per_tick=200  delay=0.1s
  [producer] Running fixed workload: 100 ticks …
  [producer] Stopped at 12.66s — waiting for pipeline to catch up …
    [stable] Bronze → 18.33s
    [stable] Silver → 30.47s
  [gold] Silver stable; waiting for Gold to drain (idle=45s, max=800s) …
    [stable] Gold → 57.78s

  ── Staleness (Gold during run) ──────────────────────────────
     avg=37.66s  max=85.1s  min=0.1s
  ── First-message latency ────────────────────────────────────
     Gold first commit at 42.74s after producer start
  ── Catch-up lag (after producer stop) ───────────────────────
     Bronze=18.33s  Silver=30.47s  Gold=45.12s
  ── Throughput (rows/s during burst) ─────────────────────────
     Bronze=6000.0  Silver=6000.0
  ── Integrity metrics ────────────────────────────────────────
     actual_input=4739.3 rows/s  silver/bronze=1.0  catchup_ratio=4.51x
  ── Gold refreshed: yes rows_current=0 ──
  ── E2E=57.78s  rows added: b=60000 s=60000 gold_delta=0 ──

======================================================================
[B] Run 4  ≈6000.0 req/s
======================================================================
  [baseline] bronze=180000 silver=180000 gold=0 rows
  [producer] PID=225549  users_per_tick=200  delay=0.1s
  [producer] Running fixed workload: 100 ticks …
  [producer] Stopped at 12.61s — waiting for pipeline to catch up …
    [stable] Bronze → 18.33s
    [stable] Silver → 30.47s
  [gold] Silver stable; waiting for Gold to drain (idle=45s, max=800s) …
    [stable] Gold → 57.73s

  ── Staleness (Gold during run) ──────────────────────────────
     avg=37.19s  max=84.3s  min=0.5s
  ── First-message latency ────────────────────────────────────
     Gold first commit at 39.69s after producer start
  ── Catch-up lag (after producer stop) ───────────────────────
     Bronze=18.33s  Silver=30.47s  Gold=45.12s
  ── Throughput (rows/s during burst) ─────────────────────────
     Bronze=6000.0  Silver=6000.0
  ── Integrity metrics ────────────────────────────────────────
     actual_input=4758.1 rows/s  silver/bronze=1.0  catchup_ratio=4.51x
  ── Gold refreshed: yes rows_current=0 ──
  ── E2E=57.73s  rows added: b=60000 s=60000 gold_delta=0 ──

--- Rate 200 users/tick (6000.0 req/s) ---
  Gold E2E           : 57.8s
  First-msg latency  : 41.7s  (producer start → first Gold commit)
  Avg staleness      : 38.9s
  Max staleness      : 86.3s
  Bronze catch-up    : 18.3s
  Silver catch-up    : 30.5s
  Gold catch-up      : 45.1s
  Actual input rps   : 4739.4 rows/s
  Catch-up ratio     : 4.51x
  Silver/Bronze      : 1.000
  Bronze throughput  : 6000.0 rows/s
  Silver throughput  : 6000.0 rows/s
  Rows added         : bronze=60000 silver=60000
  Gold refreshed     : 3/3 run(s)
  Engine RAM peak    : 9719 MiB

========================================================================================================================
   req/s |      E2E |  1stLatency |  AvgStale |  MaxStale |  GoldLag | B rows/s | S rows/s |  B rows |  S rows | GoldOK |  EngineRAM
------------------------------------------------------------------------------------------------------------------------
  6000.0 |    57.8s |       41.7s |     38.9s |     86.3s |    45.1s |   6000.0 |   6000.0 |   60000 |   60000 |    3/3 |    9719MiB

Done. Results → benchmark/results_20260601_075731.csv  Staleness → benchmark/staleness_20260601_075731.csv
