[preflight] Verifying Bronze / Silver / Gold jobs are RUNNING …
  Found: insert-into_iceberg_cat.bronze.heart_rate_intraday,iceberg_cat.bronze.hrv_intraday,iceberg_cat.bronze.breathing_intraday | insert-into_iceberg_cat.silver.heart_rate_intraday,iceberg_cat.silver.hrv_intraday,iceberg_cat.silver.breathing_intraday | insert-into_iceberg_cat.gold.daily_intraday_summary
  ✓ All 3 streaming jobs running.

Pipeline B Benchmark — Flink streaming + Iceberg
Request rates : [50] users/tick
Warmup runs   : 1  Measured runs: 3
Burst duration: 10s equivalent (100 fixed ticks)  Staleness poll: 5.0s
Results  → benchmark/results_20260601_073112.csv
Staleness → benchmark/staleness_20260601_073112.csv

======================================================================
[B] Run 1  ≈1500.0 req/s (WARMUP)
======================================================================
  [baseline] bronze=0 silver=0 gold=0 rows
  [producer] PID=116977  users_per_tick=50  delay=0.1s
  [producer] Running fixed workload: 100 ticks …
  [producer] Stopped at 11.95s — waiting for pipeline to catch up …
    [stable] Bronze → 21.44s
    [stable] Silver → 39.7s
  [gold] Silver stable; waiting for Gold to drain (idle=45s, max=800s) …
    [stable] Gold → 60.1s

  ── Staleness (Gold during run) ──────────────────────────────
     avg=21.19s  max=47.8s  min=2.7s
  ── First-message latency ────────────────────────────────────
     Gold first commit at 45.07s after producer start
  ── Catch-up lag (after producer stop) ───────────────────────
     Bronze=21.45s  Silver=39.7s  Gold=48.15s
  ── Throughput (rows/s during burst) ─────────────────────────
     Bronze=1500.0  Silver=1500.0
  ── Integrity metrics ────────────────────────────────────────
     actual_input=1255.2 rows/s  silver/bronze=1.0  catchup_ratio=4.81x
  ── Gold refreshed: yes rows_current=0 ──
  ── E2E=60.1s  rows added: b=15000 s=15000 gold_delta=0 ──

======================================================================
[B] Run 2  ≈1500.0 req/s
======================================================================
  [baseline] bronze=15000 silver=15000 gold=0 rows
  [producer] PID=121196  users_per_tick=50  delay=0.1s
  [producer] Running fixed workload: 100 ticks …
  [producer] Stopped at 11.86s — waiting for pipeline to catch up …
    [stable] Bronze → 21.39s
    [stable] Silver → 39.62s
  [gold] Silver stable; waiting for Gold to drain (idle=45s, max=800s) …
    [stable] Gold → 60.0s

  ── Staleness (Gold during run) ──────────────────────────────
     avg=41.02s  max=88.5s  min=3.5s
  ── First-message latency ────────────────────────────────────
     Gold first commit at 44.96s after producer start
  ── Catch-up lag (after producer stop) ───────────────────────
     Bronze=21.39s  Silver=39.62s  Gold=48.14s
  ── Throughput (rows/s during burst) ─────────────────────────
     Bronze=1500.0  Silver=1500.0
  ── Integrity metrics ────────────────────────────────────────
     actual_input=1264.8 rows/s  silver/bronze=1.0  catchup_ratio=4.81x
  ── Gold refreshed: yes rows_current=0 ──
  ── E2E=60.0s  rows added: b=15000 s=15000 gold_delta=0 ──

======================================================================
[B] Run 3  ≈1500.0 req/s
======================================================================
  [baseline] bronze=30000 silver=30000 gold=0 rows
  [producer] PID=124918  users_per_tick=50  delay=0.1s
  [producer] Running fixed workload: 100 ticks …
  [producer] Stopped at 11.95s — waiting for pipeline to catch up …
    [stable] Bronze → 21.36s
    [stable] Silver → 36.54s
  [gold] Silver stable; waiting for Gold to drain (idle=45s, max=800s) …
    [stable] Gold → 57.08s

  ── Staleness (Gold during run) ──────────────────────────────
     avg=41.3s  max=89.1s  min=4.1s
  ── First-message latency ────────────────────────────────────
     Gold first commit at 42.04s after producer start
  ── Catch-up lag (after producer stop) ───────────────────────
     Bronze=21.36s  Silver=36.54s  Gold=45.13s
  ── Throughput (rows/s during burst) ─────────────────────────
     Bronze=1500.0  Silver=1500.0
  ── Integrity metrics ────────────────────────────────────────
     actual_input=1255.2 rows/s  silver/bronze=1.0  catchup_ratio=4.51x
  ── Gold refreshed: yes rows_current=0 ──
  ── E2E=57.08s  rows added: b=15000 s=15000 gold_delta=0 ──

======================================================================
[B] Run 4  ≈1500.0 req/s
======================================================================
  [baseline] bronze=45000 silver=45000 gold=0 rows
  [producer] PID=128646  users_per_tick=50  delay=0.1s
  [producer] Running fixed workload: 100 ticks …
  [producer] Stopped at 11.9s — waiting for pipeline to catch up …
    [stable] Bronze → 24.42s
    [stable] Silver → 39.6s
  [gold] Silver stable; waiting for Gold to drain (idle=45s, max=800s) …
    [stable] Gold → 60.03s

  ── Staleness (Gold during run) ──────────────────────────────
     avg=39.38s  max=86.8s  min=1.8s
  ── First-message latency ────────────────────────────────────
     Gold first commit at 45.0s after producer start
  ── Catch-up lag (after producer stop) ───────────────────────
     Bronze=24.43s  Silver=39.61s  Gold=48.13s
  ── Throughput (rows/s during burst) ─────────────────────────
     Bronze=1500.0  Silver=1500.0
  ── Integrity metrics ────────────────────────────────────────
     actual_input=1260.5 rows/s  silver/bronze=1.0  catchup_ratio=4.81x
  ── Gold refreshed: yes rows_current=0 ──
  ── E2E=60.03s  rows added: b=15000 s=15000 gold_delta=0 ──

--- Rate 50 users/tick (1500.0 req/s) ---
  Gold E2E           : 59.0s
  First-msg latency  : 44.0s  (producer start → first Gold commit)
  Avg staleness      : 40.6s
  Max staleness      : 88.1s
  Bronze catch-up    : 22.4s
  Silver catch-up    : 38.6s
  Gold catch-up      : 47.1s
  Actual input rps   : 1260.2 rows/s
  Catch-up ratio     : 4.71x
  Silver/Bronze      : 1.000
  Bronze throughput  : 1500.0 rows/s
  Silver throughput  : 1500.0 rows/s
  Rows added         : bronze=15000 silver=15000
  Gold refreshed     : 3/3 run(s)
  Engine RAM peak    : 5010 MiB

========================================================================================================================
   req/s |      E2E |  1stLatency |  AvgStale |  MaxStale |  GoldLag | B rows/s | S rows/s |  B rows |  S rows | GoldOK |  EngineRAM
------------------------------------------------------------------------------------------------------------------------
  1500.0 |    59.0s |       44.0s |     40.6s |     88.1s |    47.1s |   1500.0 |   1500.0 |   15000 |   15000 |    3/3 |    5010MiB

Done. Results → benchmark/results_20260601_073112.csv  Staleness → benchmark/staleness_20260601_073112.csv
