[preflight] Verifying Bronze / Silver / Gold jobs are RUNNING …
  Found: insert-into_iceberg_cat.bronze.heart_rate_intraday,iceberg_cat.bronze.hrv_intraday,iceberg_cat.bronze.breathing_intraday | insert-into_iceberg_cat.silver.heart_rate_intraday,iceberg_cat.silver.hrv_intraday,iceberg_cat.silver.breathing_intraday | insert-into_iceberg_cat.gold.daily_intraday_summary
  ✓ All 3 streaming jobs running.

Pipeline B Benchmark — Flink streaming + Iceberg
Request rates : [50] users/tick
Warmup runs   : 1  Measured runs: 3
Burst duration: 10s equivalent (100 fixed ticks)  Staleness poll: 5.0s
Results  → benchmark/results_20260524_014006.csv
Staleness → benchmark/staleness_20260524_014006.csv

======================================================================
[B] Run 1  ≈1500.0 req/s (WARMUP)
======================================================================
  [baseline] bronze=0 silver=0 gold=0 rows
  [producer] PID=1252659  users_per_tick=50  delay=0.1s
  [producer] Running fixed workload: 100 ticks …
  [producer] Stopped at 11.85s — waiting for pipeline to catch up …
    [stable] Bronze → 21.57s
    [stable] Silver → 45.96s
  [gold] Silver stable; waiting for Gold to drain (idle=45s, max=800s) …
    [stable] Gold → 54.02s

  ── Staleness (Gold during run) ──────────────────────────────
     avg=20.88s  max=47.0s  min=2.0s
  ── First-message latency ────────────────────────────────────
     Gold first commit at 38.97s after producer start
  ── Catch-up lag (after producer stop) ───────────────────────
     Bronze=21.58s  Silver=45.96s  Gold=42.17s
  ── Throughput (rows/s during burst) ─────────────────────────
     Bronze=1500.0  Silver=1500.0
  ── Integrity metrics ────────────────────────────────────────
     actual_input=1265.8 rows/s  silver/bronze=1.0  catchup_ratio=4.6x
  ── Gold refreshed: yes rows_current=0 ──
  ── E2E=57.81s  rows added: b=15000 s=15000 gold_delta=0 ──

======================================================================
[B] Run 2  ≈1500.0 req/s
======================================================================
  [baseline] bronze=15000 silver=15000 gold=0 rows
  [producer] PID=1255441  users_per_tick=50  delay=0.1s
  [producer] Running fixed workload: 100 ticks …
  [producer] Stopped at 11.75s — waiting for pipeline to catch up …
    [stable] Bronze → 24.5s
    [stable] Silver → 45.82s
  [gold] Silver stable; waiting for Gold to drain (idle=45s, max=800s) …
    [stable] Gold → 53.89s

  ── Staleness (Gold during run) ──────────────────────────────
     avg=38.45s  max=85.5s  min=1.3s
  ── First-message latency ────────────────────────────────────
     Gold first commit at 38.84s after producer start
  ── Catch-up lag (after producer stop) ───────────────────────
     Bronze=24.5s  Silver=45.83s  Gold=42.14s
  ── Throughput (rows/s during burst) ─────────────────────────
     Bronze=1500.0  Silver=1500.0
  ── Integrity metrics ────────────────────────────────────────
     actual_input=1276.6 rows/s  silver/bronze=1.0  catchup_ratio=4.58x
  ── Gold refreshed: yes rows_current=0 ──
  ── E2E=57.58s  rows added: b=15000 s=15000 gold_delta=0 ──

======================================================================
[B] Run 3  ≈1500.0 req/s
======================================================================
  [baseline] bronze=30000 silver=30000 gold=0 rows
  [producer] PID=1258360  users_per_tick=50  delay=0.1s
  [producer] Running fixed workload: 100 ticks …
  [producer] Stopped at 11.7s — waiting for pipeline to catch up …
    [stable] Bronze → 24.45s
    [stable] Silver → 48.79s
  [gold] Silver stable; waiting for Gold to drain (idle=45s, max=800s) …
    [stable] Gold → 56.85s

  ── Staleness (Gold during run) ──────────────────────────────
     avg=42.2s  max=89.7s  min=3.8s
  ── First-message latency ────────────────────────────────────
     Gold first commit at 41.8s after producer start
  ── Catch-up lag (after producer stop) ───────────────────────
     Bronze=24.46s  Silver=48.8s  Gold=45.15s
  ── Throughput (rows/s during burst) ─────────────────────────
     Bronze=1500.0  Silver=1500.0
  ── Integrity metrics ────────────────────────────────────────
     actual_input=1282.1 rows/s  silver/bronze=1.0  catchup_ratio=4.88x
  ── Gold refreshed: yes rows_current=0 ──
  ── E2E=60.5s  rows added: b=15000 s=15000 gold_delta=0 ──

======================================================================
[B] Run 4  ≈1500.0 req/s
======================================================================
  [baseline] bronze=45000 silver=45000 gold=0 rows
  [producer] PID=1261059  users_per_tick=50  delay=0.1s
  [producer] Running fixed workload: 100 ticks …
  [producer] Stopped at 11.9s — waiting for pipeline to catch up …
    [stable] Bronze → 24.46s
    [stable] Silver → 45.74s
  [gold] Silver stable; waiting for Gold to drain (idle=45s, max=800s) …
    [stable] Gold → 54.04s

  ── Staleness (Gold during run) ──────────────────────────────
     avg=38.96s  max=87.1s  min=1.0s
  ── First-message latency ────────────────────────────────────
     Gold first commit at 42.0s after producer start
  ── Catch-up lag (after producer stop) ───────────────────────
     Bronze=24.46s  Silver=45.74s  Gold=42.14s
  ── Throughput (rows/s during burst) ─────────────────────────
     Bronze=1500.0  Silver=1500.0
  ── Integrity metrics ────────────────────────────────────────
     actual_input=1260.5 rows/s  silver/bronze=1.0  catchup_ratio=4.57x
  ── Gold refreshed: yes rows_current=0 ──
  ── E2E=57.64s  rows added: b=15000 s=15000 gold_delta=0 ──

--- Rate 50 users/tick (1500.0 req/s) ---
  Gold E2E           : 58.6s
  First-msg latency  : 40.9s  (producer start → first Gold commit)
  Avg staleness      : 39.9s
  Max staleness      : 87.4s
  Bronze catch-up    : 24.5s
  Silver catch-up    : 46.8s
  Gold catch-up      : 43.1s
  Actual input rps   : 1273.1 rows/s
  Catch-up ratio     : 4.68x
  Silver/Bronze      : 1.000
  Bronze throughput  : 1500.0 rows/s
  Silver throughput  : 1500.0 rows/s
  Rows added         : bronze=15000 silver=15000
  Gold refreshed     : 3/3 run(s)
  Engine RAM peak    : 13742 MiB

========================================================================================================================
   req/s |      E2E |  1stLatency |  AvgStale |  MaxStale |  GoldLag | B rows/s | S rows/s |  B rows |  S rows | GoldOK |  EngineRAM
------------------------------------------------------------------------------------------------------------------------
  1500.0 |    58.6s |       40.9s |     39.9s |     87.4s |    43.1s |   1500.0 |   1500.0 |   15000 |   15000 |    3/3 |   13742MiB

Done. Results → benchmark/results_20260524_014006.csv  Staleness → benchmark/staleness_20260524_014006.csv
