[preflight] Verifying Bronze / Silver / Gold jobs are RUNNING …
  Found: insert-into_iceberg_cat.bronze.heart_rate_intraday,iceberg_cat.bronze.hrv_intraday,iceberg_cat.bronze.breathing_intraday | insert-into_iceberg_cat.silver.heart_rate_intraday,iceberg_cat.silver.hrv_intraday,iceberg_cat.silver.breathing_intraday | insert-into_iceberg_cat.gold.daily_intraday_summary
  ✓ All 3 streaming jobs running.

Pipeline B Benchmark — Flink streaming + Iceberg
Request rates : [200] users/tick
Warmup runs   : 1  Measured runs: 3
Burst duration: 10s equivalent (100 fixed ticks)  Staleness poll: 5.0s
Results  → benchmark/results_20260527_035040.csv
Staleness → benchmark/staleness_20260527_035040.csv

======================================================================
[B] Run 1  ≈6000.0 req/s (WARMUP)
======================================================================
  [baseline] bronze=0 silver=0 gold=0 rows
  [producer] PID=120584  users_per_tick=200  delay=0.1s
  [producer] Running fixed workload: 100 ticks …
  [producer] Stopped at 13.17s — waiting for pipeline to catch up …
    [stable] Bronze → 21.73s
    [stable] Silver → 43.12s
  [gold] Silver stable; waiting for Gold to drain (idle=45s, max=800s) …
    [stable] Gold → 58.38s

  ── Staleness (Gold during run) ──────────────────────────────
     avg=19.59s  max=44.4s  min=1.2s
  ── First-message latency ────────────────────────────────────
     Gold first commit at 40.31s after producer start
  ── Catch-up lag (after producer stop) ───────────────────────
     Bronze=21.74s  Silver=43.13s  Gold=45.21s
  ── Throughput (rows/s during burst) ─────────────────────────
     Bronze=6000.0  Silver=6000.0
  ── Integrity metrics ────────────────────────────────────────
     actual_input=4555.8 rows/s  silver/bronze=1.0  catchup_ratio=4.52x
  ── Gold refreshed: yes rows_current=0 ──
  ── E2E=58.38s  rows added: b=60000 s=60000 gold_delta=0 ──

======================================================================
[B] Run 2  ≈6000.0 req/s
======================================================================
  [baseline] bronze=60000 silver=60000 gold=0 rows
  [producer] PID=123807  users_per_tick=200  delay=0.1s
  [producer] Running fixed workload: 100 ticks …
  [producer] Stopped at 12.96s — waiting for pipeline to catch up …
    [stable] Bronze → 18.48s
    [stable] Silver → 42.93s
  [gold] Silver stable; waiting for Gold to drain (idle=45s, max=800s) …
    [stable] Gold → 55.13s

  ── Staleness (Gold during run) ──────────────────────────────
     avg=38.09s  max=85.5s  min=0.6s
  ── First-message latency ────────────────────────────────────
     Gold first commit at 37.06s after producer start
  ── Catch-up lag (after producer stop) ───────────────────────
     Bronze=18.48s  Silver=42.93s  Gold=42.17s
  ── Throughput (rows/s during burst) ─────────────────────────
     Bronze=6000.0  Silver=6000.0
  ── Integrity metrics ────────────────────────────────────────
     actual_input=4629.6 rows/s  silver/bronze=1.0  catchup_ratio=4.29x
  ── Gold refreshed: yes rows_current=0 ──
  ── E2E=55.89s  rows added: b=60000 s=60000 gold_delta=0 ──

======================================================================
[B] Run 3  ≈6000.0 req/s
======================================================================
  [baseline] bronze=120000 silver=120000 gold=0 rows
  [producer] PID=126568  users_per_tick=200  delay=0.1s
  [producer] Running fixed workload: 100 ticks …
  [producer] Stopped at 12.86s — waiting for pipeline to catch up …
    [stable] Bronze → 21.55s
    [stable] Silver → 45.98s
  [gold] Silver stable; waiting for Gold to drain (idle=45s, max=800s) …
    [stable] Gold → 58.03s

  ── Staleness (Gold during run) ──────────────────────────────
     avg=39.92s  max=86.9s  min=3.0s
  ── First-message latency ────────────────────────────────────
     Gold first commit at 42.98s after producer start
  ── Catch-up lag (after producer stop) ───────────────────────
     Bronze=21.55s  Silver=45.98s  Gold=45.17s
  ── Throughput (rows/s during burst) ─────────────────────────
     Bronze=6000.0  Silver=6000.0
  ── Integrity metrics ────────────────────────────────────────
     actual_input=4665.6 rows/s  silver/bronze=1.0  catchup_ratio=4.6x
  ── Gold refreshed: yes rows_current=0 ──
  ── E2E=58.84s  rows added: b=60000 s=60000 gold_delta=0 ──

======================================================================
[B] Run 4  ≈6000.0 req/s
======================================================================
  [baseline] bronze=180000 silver=180000 gold=0 rows
  [producer] PID=129204  users_per_tick=200  delay=0.1s
  [producer] Running fixed workload: 100 ticks …
  [producer] Stopped at 17.51s — waiting for pipeline to catch up …
    [stable] Bronze → 18.45s
    [stable] Silver → 39.83s
  [gold] Silver stable; waiting for Gold to drain (idle=45s, max=800s) …
    [stable] Gold → 59.65s

  ── Staleness (Gold during run) ──────────────────────────────
     avg=36.86s  max=84.0s  min=0.7s
  ── First-message latency ────────────────────────────────────
     Gold first commit at 41.59s after producer start
  ── Catch-up lag (after producer stop) ───────────────────────
     Bronze=18.45s  Silver=39.83s  Gold=42.14s
  ── Throughput (rows/s during burst) ─────────────────────────
     Bronze=6000.0  Silver=6000.0
  ── Integrity metrics ────────────────────────────────────────
     actual_input=3426.6 rows/s  silver/bronze=1.0  catchup_ratio=4.21x
  ── Gold refreshed: yes rows_current=0 ──
  ── E2E=59.65s  rows added: b=60000 s=60000 gold_delta=0 ──

--- Rate 200 users/tick (6000.0 req/s) ---
  Gold E2E           : 58.1s
  First-msg latency  : 40.5s  (producer start → first Gold commit)
  Avg staleness      : 38.3s
  Max staleness      : 85.5s
  Bronze catch-up    : 19.5s
  Silver catch-up    : 42.9s
  Gold catch-up      : 43.2s
  Actual input rps   : 4240.6 rows/s
  Catch-up ratio     : 4.37x
  Silver/Bronze      : 1.000
  Bronze throughput  : 6000.0 rows/s
  Silver throughput  : 6000.0 rows/s
  Rows added         : bronze=60000 silver=60000
  Gold refreshed     : 3/3 run(s)
  Engine RAM peak    : 16934 MiB

========================================================================================================================
   req/s |      E2E |  1stLatency |  AvgStale |  MaxStale |  GoldLag | B rows/s | S rows/s |  B rows |  S rows | GoldOK |  EngineRAM
------------------------------------------------------------------------------------------------------------------------
  6000.0 |    58.1s |       40.5s |     38.3s |     85.5s |    43.2s |   6000.0 |   6000.0 |   60000 |   60000 |    3/3 |   16934MiB

Done. Results → benchmark/results_20260527_035040.csv  Staleness → benchmark/staleness_20260527_035040.csv
