[preflight] Verifying Bronze / Silver / Gold jobs are RUNNING …
  Found: insert-into_iceberg_cat.bronze.heart_rate_intraday,iceberg_cat.bronze.hrv_intraday,iceberg_cat.bronze.breathing_intraday | insert-into_iceberg_cat.silver.heart_rate_intraday,iceberg_cat.silver.hrv_intraday,iceberg_cat.silver.breathing_intraday | insert-into_iceberg_cat.gold.daily_intraday_summary
  ✓ All 3 streaming jobs running.

Pipeline B Benchmark — Flink streaming + Iceberg
Request rates : [50] users/tick
Warmup runs   : 1  Measured runs: 3
Burst duration: 10s equivalent (100 fixed ticks)  Staleness poll: 5.0s
Results  → benchmark/results_20260527_032716.csv
Staleness → benchmark/staleness_20260527_032716.csv

======================================================================
[B] Run 1  ≈1500.0 req/s (WARMUP)
======================================================================
  [baseline] bronze=0 silver=0 gold=0 rows
  [producer] PID=47727  users_per_tick=50  delay=0.1s
  [producer] Running fixed workload: 100 ticks …
  [producer] Stopped at 12.06s — waiting for pipeline to catch up …
    [stable] Bronze → 24.71s
    [stable] Silver → 36.93s
  [gold] Silver stable; waiting for Gold to drain (idle=45s, max=800s) …
    [stable] Gold → 57.3s

  ── Staleness (Gold during run) ──────────────────────────────
     avg=19.12s  max=43.1s  min=2.4s
  ── First-message latency ────────────────────────────────────
     Gold first commit at 45.26s after producer start
  ── Catch-up lag (after producer stop) ───────────────────────
     Bronze=24.71s  Silver=36.94s  Gold=45.24s
  ── Throughput (rows/s during burst) ─────────────────────────
     Bronze=1500.0  Silver=1500.0
  ── Integrity metrics ────────────────────────────────────────
     actual_input=1243.8 rows/s  silver/bronze=1.0  catchup_ratio=4.52x
  ── Gold refreshed: yes rows_current=0 ──
  ── E2E=57.3s  rows added: b=15000 s=15000 gold_delta=0 ──

======================================================================
[B] Run 2  ≈1500.0 req/s
======================================================================
  [baseline] bronze=15000 silver=15000 gold=0 rows
  [producer] PID=50841  users_per_tick=50  delay=0.1s
  [producer] Running fixed workload: 100 ticks …
  [producer] Stopped at 12.21s — waiting for pipeline to catch up …
    [stable] Bronze → 24.59s
    [stable] Silver → 39.84s
  [gold] Silver stable; waiting for Gold to drain (idle=45s, max=800s) …
    [stable] Gold → 60.39s

  ── Staleness (Gold during run) ──────────────────────────────
     avg=38.75s  max=86.1s  min=0.7s
  ── First-message latency ────────────────────────────────────
     Gold first commit at 45.34s after producer start
  ── Catch-up lag (after producer stop) ───────────────────────
     Bronze=24.6s  Silver=39.85s  Gold=48.18s
  ── Throughput (rows/s during burst) ─────────────────────────
     Bronze=1500.0  Silver=1500.0
  ── Integrity metrics ────────────────────────────────────────
     actual_input=1228.5 rows/s  silver/bronze=1.0  catchup_ratio=4.82x
  ── Gold refreshed: yes rows_current=0 ──
  ── E2E=60.39s  rows added: b=15000 s=15000 gold_delta=0 ──

======================================================================
[B] Run 3  ≈1500.0 req/s
======================================================================
  [baseline] bronze=30000 silver=30000 gold=0 rows
  [producer] PID=53943  users_per_tick=50  delay=0.1s
  [producer] Running fixed workload: 100 ticks …
  [producer] Stopped at 12.01s — waiting for pipeline to catch up …
    [stable] Bronze → 24.57s
    [stable] Silver → 36.77s
  [gold] Silver stable; waiting for Gold to drain (idle=45s, max=800s) …
    [stable] Gold → 60.18s

  ── Staleness (Gold during run) ──────────────────────────────
     avg=40.14s  max=87.8s  min=2.1s
  ── First-message latency ────────────────────────────────────
     Gold first commit at 45.14s after producer start
  ── Catch-up lag (after producer stop) ───────────────────────
     Bronze=24.57s  Silver=36.78s  Gold=48.17s
  ── Throughput (rows/s during burst) ─────────────────────────
     Bronze=1500.0  Silver=1500.0
  ── Integrity metrics ────────────────────────────────────────
     actual_input=1249.0 rows/s  silver/bronze=1.0  catchup_ratio=4.82x
  ── Gold refreshed: yes rows_current=0 ──
  ── E2E=60.18s  rows added: b=15000 s=15000 gold_delta=0 ──

======================================================================
[B] Run 4  ≈1500.0 req/s
======================================================================
  [baseline] bronze=45000 silver=45000 gold=0 rows
  [producer] PID=56473  users_per_tick=50  delay=0.1s
  [producer] Running fixed workload: 100 ticks …
  [producer] Stopped at 12.01s — waiting for pipeline to catch up …
    [stable] Bronze → 24.55s
    [stable] Silver → 36.76s
  [gold] Silver stable; waiting for Gold to drain (idle=45s, max=800s) …
    [stable] Gold → 57.16s

  ── Staleness (Gold during run) ──────────────────────────────
     avg=40.68s  max=88.7s  min=3.1s
  ── First-message latency ────────────────────────────────────
     Gold first commit at 42.12s after producer start
  ── Catch-up lag (after producer stop) ───────────────────────
     Bronze=24.56s  Silver=36.76s  Gold=45.15s
  ── Throughput (rows/s during burst) ─────────────────────────
     Bronze=1500.0  Silver=1500.0
  ── Integrity metrics ────────────────────────────────────────
     actual_input=1249.0 rows/s  silver/bronze=1.0  catchup_ratio=4.51x
  ── Gold refreshed: yes rows_current=0 ──
  ── E2E=57.16s  rows added: b=15000 s=15000 gold_delta=0 ──

--- Rate 50 users/tick (1500.0 req/s) ---
  Gold E2E           : 59.2s
  First-msg latency  : 44.2s  (producer start → first Gold commit)
  Avg staleness      : 39.9s
  Max staleness      : 87.5s
  Bronze catch-up    : 24.6s
  Silver catch-up    : 37.8s
  Gold catch-up      : 47.2s
  Actual input rps   : 1242.2 rows/s
  Catch-up ratio     : 4.72x
  Silver/Bronze      : 1.000
  Bronze throughput  : 1500.0 rows/s
  Silver throughput  : 1500.0 rows/s
  Rows added         : bronze=15000 silver=15000
  Gold refreshed     : 3/3 run(s)
  Engine RAM peak    : 14104 MiB

========================================================================================================================
   req/s |      E2E |  1stLatency |  AvgStale |  MaxStale |  GoldLag | B rows/s | S rows/s |  B rows |  S rows | GoldOK |  EngineRAM
------------------------------------------------------------------------------------------------------------------------
  1500.0 |    59.2s |       44.2s |     39.9s |     87.5s |    47.2s |   1500.0 |   1500.0 |   15000 |   15000 |    3/3 |   14104MiB

Done. Results → benchmark/results_20260527_032716.csv  Staleness → benchmark/staleness_20260527_032716.csv
