[preflight] Verifying Spark streaming jobs are running ...
  OK spark_bronze.py
  OK spark_silver_streaming.py
  OK spark_gold_streaming.py

Pipeline A Benchmark — Spark Structured Streaming + Delta Lake
Request rates  : [200] users/tick
Warmup runs    : 1  Measured runs: 3
Burst duration : 10s equivalent (100 fixed ticks)
Polling method : O(1-2 files) timestamp-based (reads tail of Delta log)
Results        : benchmark/results_20260601_111357.csv
Staleness      : benchmark/staleness_20260601_111357.csv

======================================================================
[A] Run 1  ≈6000.0 req/s (WARMUP)
======================================================================
  [baseline] bronze=0 silver=0 gold=0 rows
  [producer] PID=593554 users_per_tick=200 delay=0.1s
  [producer] Running fixed workload: 100 ticks ...
[realtime-producer] Kafka: 127.0.0.1:9092  delay: 0.1s/tick
[realtime-producer] Loaded 7410 daily (user, date) entries
[realtime-producer] Pool size: 159508 entries across 71 users
[realtime-producer] Emitting 200 user(s) per tick
[realtime-producer] Fixed workload: 100 tick(s)
[realtime-producer] Reached MAX_TICKS=100
[realtime-producer] Done. Total ticks: 100
  [producer] Stopped at 12.81s — waiting for Delta commits to stabilise (tail-log polling) ...
    [stable] Bronze → 84.64s
    [stable] Silver → 101.06s
  [gold] Silver stable; waiting for Gold to drain backlog (idle=45s, max=800s) ...
    [stable] Gold → 67.71s
  [rowcount] Reading final row counts (single pass) ...

  Staleness avg=52.04s max=99.3s min=4.5s
  First Gold commit: 60.21s
  Catch-up lag: Bronze=84.64s Silver=101.06s Gold=54.9s
  Throughput rows/s: Bronze=6000.0 Silver=6000.0
  Integrity: actual_input=4683.8 rows/s silver/bronze=1.0 catchup_ratio=10.11x
  Gold refreshed: yes rows_current=16
  E2E=113.87s rows added: b=60000 s=60000 gold_delta=16

======================================================================
[A] Run 2  ≈6000.0 req/s
======================================================================
  [baseline] bronze=60000 silver=60000 gold=16 rows
  [producer] PID=626513 users_per_tick=200 delay=0.1s
  [producer] Running fixed workload: 100 ticks ...
[realtime-producer] Kafka: 127.0.0.1:9092  delay: 0.1s/tick
[realtime-producer] Loaded 7410 daily (user, date) entries
[realtime-producer] Pool size: 159508 entries across 71 users
[realtime-producer] Emitting 200 user(s) per tick
[realtime-producer] Fixed workload: 100 tick(s)
[realtime-producer] Reached MAX_TICKS=100
[realtime-producer] Done. Total ticks: 100
  [producer] Stopped at 12.81s — waiting for Delta commits to stabilise (tail-log polling) ...
    [stable] Bronze → 90.8s
    [stable] Silver → 107.85s
  [gold] Silver stable; waiting for Gold to drain backlog (idle=45s, max=800s) ...
    [stable] Gold → 61.75s
  [rowcount] Reading final row counts (single pass) ...

  Staleness avg=124.5s max=313.2s min=10.0s
  First Gold commit: 53.68s
  Catch-up lag: Bronze=90.8s Silver=107.85s Gold=48.94s
  Throughput rows/s: Bronze=6000.0 Silver=6000.0
  Integrity: actual_input=4683.8 rows/s silver/bronze=1.0 catchup_ratio=10.79x
  Gold refreshed: yes rows_current=16
  E2E=120.66s rows added: b=60000 s=60000 gold_delta=0

======================================================================
[A] Run 3  ≈6000.0 req/s
======================================================================
  [baseline] bronze=120000 silver=120000 gold=16 rows
  [producer] PID=666332 users_per_tick=200 delay=0.1s
  [producer] Running fixed workload: 100 ticks ...
[realtime-producer] Kafka: 127.0.0.1:9092  delay: 0.1s/tick
[realtime-producer] Loaded 7410 daily (user, date) entries
[realtime-producer] Pool size: 159508 entries across 71 users
[realtime-producer] Emitting 200 user(s) per tick
[realtime-producer] Fixed workload: 100 tick(s)
[realtime-producer] Reached MAX_TICKS=100
[realtime-producer] Done. Total ticks: 100
  [producer] Stopped at 12.66s — waiting for Delta commits to stabilise (tail-log polling) ...
    [stable] Bronze → 83.83s
    [stable] Silver → 100.46s
  [gold] Silver stable; waiting for Gold to drain backlog (idle=45s, max=800s) ...
    [stable] Gold → 65.15s
  [rowcount] Reading final row counts (single pass) ...

  Staleness avg=141.53s max=386.5s min=6.9s
  First Gold commit: 57.23s
  Catch-up lag: Bronze=83.83s Silver=100.46s Gold=52.49s
  Throughput rows/s: Bronze=6000.0 Silver=6000.0
  Integrity: actual_input=4739.3 rows/s silver/bronze=1.0 catchup_ratio=10.05x
  Gold refreshed: yes rows_current=16
  E2E=113.12s rows added: b=60000 s=60000 gold_delta=0

======================================================================
[A] Run 4  ≈6000.0 req/s
======================================================================
  [baseline] bronze=180000 silver=180000 gold=16 rows
  [producer] PID=710017 users_per_tick=200 delay=0.1s
  [producer] Running fixed workload: 100 ticks ...
[realtime-producer] Kafka: 127.0.0.1:9092  delay: 0.1s/tick
[realtime-producer] Loaded 7410 daily (user, date) entries
[realtime-producer] Pool size: 159508 entries across 71 users
[realtime-producer] Emitting 200 user(s) per tick
[realtime-producer] Fixed workload: 100 tick(s)
[realtime-producer] Reached MAX_TICKS=100
[realtime-producer] Done. Total ticks: 100
  [producer] Stopped at 12.76s — waiting for Delta commits to stabilise (tail-log polling) ...
    [stable] Bronze → 84.63s
    [stable] Silver → 101.57s
  [gold] Silver stable; waiting for Gold to drain backlog (idle=45s, max=800s) ...
    [stable] Gold → 64.54s
  [rowcount] Reading final row counts (single pass) ...

  Staleness avg=157.69s max=435.9s min=5.7s
  First Gold commit: 49.11s
  Catch-up lag: Bronze=84.63s Silver=101.57s Gold=51.78s
  Throughput rows/s: Bronze=6000.0 Silver=6000.0
  Integrity: actual_input=4702.2 rows/s silver/bronze=1.0 catchup_ratio=10.16x
  Gold refreshed: yes rows_current=16
  E2E=114.33s rows added: b=60000 s=60000 gold_delta=0

--- Rate 200 users/tick (6000.0 req/s) ---
  Gold E2E          : 116.0s
  First-msg latency : 53.3s
  Avg staleness     : 141.2s
  Max staleness     : 378.5s
  Gold catch-up     : 51.1s
  Actual input rps  : 4708.4 rows/s
  Catch-up ratio    : 10.33x
  Silver/Bronze     : 1.000
  Bronze throughput : 6000.0 rows/s
  Silver throughput : 6000.0 rows/s
  Rows added        : bronze=60000 silver=60000
  Gold refreshed    : 3/3 run(s)
  Engine RAM peak   : 5628 MiB

========================================================================================================================
   req/s |      E2E |  1stLatency |  AvgStale |  MaxStale |  GoldLag | B rows/s | S rows/s |  B rows |  S rows | GoldOK |  EngineRAM
------------------------------------------------------------------------------------------------------------------------
  6000.0 |   116.0s |       53.3s |    141.2s |    378.5s |    51.1s |   6000.0 |   6000.0 |   60000 |   60000 |    3/3 |    5628MiB

Done. Results → benchmark/results_20260601_111357.csv  Staleness → benchmark/staleness_20260601_111357.csv
