[preflight] Verifying Spark streaming jobs are running ...
  OK spark_bronze.py
  OK spark_silver_streaming.py
  OK spark_gold_streaming.py

Pipeline A Benchmark - Spark Structured Streaming + Delta Lake
Request rates : [200] users/tick
Warmup runs   : 1  Measured runs: 3
Burst duration: 10s equivalent (100 fixed ticks)
Results       : benchmark/results_20260524_003848.csv
Staleness     : benchmark/staleness_20260524_003848.csv

======================================================================
[A] Run 1 approx 6000.0 req/s (WARMUP)
======================================================================
  [baseline] bronze=0 silver=0 gold=0 rows
  [producer] PID=710375 users_per_tick=200 delay=0.1s
  [producer] Running fixed workload: 100 ticks ...
[realtime-producer] Kafka: 127.0.0.1:9092  delay: 0.1s/tick
[realtime-producer] Loaded 7410 daily (user, date) entries
[realtime-producer] Pool size: 159508 entries across 71 users
[realtime-producer] Emitting 200 user(s) per tick
[realtime-producer] Fixed workload: 100 tick(s)
[realtime-producer] Reached MAX_TICKS=100
[realtime-producer] Done. Total ticks: 100
  [producer] Stopped at 12.96s; waiting for Delta commits to stabilise ...
    [Bronze] waiting (34.8s): {'heart_rate_intraday': (0, 'no-commit'), 'hrv_intraday': (0, 'no-commit'), 'breathing_intraday': (0, 'no-commit')}
    [Silver] waiting (41.5s): {'heart_rate_intraday': (0, 'no-commit'), 'hrv_intraday': (0, 'no-commit'), 'breathing_intraday': (0, 'no-commit')}
    [Bronze] waiting (109.2s): {'heart_rate_intraday': (0, 'no-commit'), 'hrv_intraday': (0, 'no-commit'), 'breathing_intraday': (20000, 'commit')}
    [Silver] waiting (126.9s): {'heart_rate_intraday': (0, 'no-commit'), 'hrv_intraday': (0, 'no-commit'), 'breathing_intraday': (0, 'no-commit')}
    [Silver] waiting (224.7s): {'heart_rate_intraday': (0, 'no-commit'), 'hrv_intraday': (20000, 'no-commit'), 'breathing_intraday': (20000, 'commit')}
    [stable] Bronze -> 325.23s
    [stable] Silver -> 421.74s
  [gold] Silver stable; waiting for Gold to drain backlog (idle=75s, max=800s) ...
    [stable] Gold -> 295.89s

  Staleness avg=94.53s max=223.5s min=3.6s
  First Gold commit: 17.3s
  Catch-up lag: Bronze=325.23s Silver=421.74s Gold=282.93s
  Throughput rows/s: Bronze=6000.0 Silver=6000.0
  Integrity metrics: actual_input=4629.6 rows/s silver/bronze=1.0 catchup_ratio=42.17x
  Gold refreshed: yes rows_current=873
  E2E=434.7s rows added: b=60000 s=60000 gold_delta=873

======================================================================
[A] Run 2 approx 6000.0 req/s
======================================================================
  [baseline] bronze=60000 silver=60000 gold=873 rows
  [producer] PID=816069 users_per_tick=200 delay=0.1s
  [producer] Running fixed workload: 100 ticks ...
[realtime-producer] Kafka: 127.0.0.1:9092  delay: 0.1s/tick
[realtime-producer] Loaded 7410 daily (user, date) entries
[realtime-producer] Pool size: 159508 entries across 71 users
[realtime-producer] Emitting 200 user(s) per tick
[realtime-producer] Fixed workload: 100 tick(s)
[realtime-producer] Reached MAX_TICKS=100
[realtime-producer] Done. Total ticks: 100
  [producer] Stopped at 12.4s; waiting for Delta commits to stabilise ...
    [Bronze] waiting (39.4s): {'heart_rate_intraday': (0, 'no-commit'), 'hrv_intraday': (0, 'no-commit'), 'breathing_intraday': (0, 'no-commit')}
    [Silver] waiting (46.0s): {'heart_rate_intraday': (0, 'no-commit'), 'hrv_intraday': (0, 'no-commit'), 'breathing_intraday': (0, 'no-commit')}
    [Silver] waiting (152.7s): {'heart_rate_intraday': (12400, 'commit'), 'hrv_intraday': (12400, 'no-commit'), 'breathing_intraday': (0, 'no-commit')}
    [stable] Bronze -> 362.81s
    [stable] Silver -> 400.91s
  [gold] Silver stable; waiting for Gold to drain backlog (idle=75s, max=800s) ...
    [stable] Gold -> 217.86s

  Staleness avg=225.83s max=534.2s min=4.3s
  First Gold commit: 150.49s
  Catch-up lag: Bronze=362.82s Silver=400.91s Gold=205.46s
  Throughput rows/s: Bronze=6000.0 Silver=6000.0
  Integrity metrics: actual_input=4838.7 rows/s silver/bronze=1.0 catchup_ratio=40.09x
  Gold refreshed: yes rows_current=873
  E2E=413.31s rows added: b=60000 s=60000 gold_delta=0

======================================================================
[A] Run 3 approx 6000.0 req/s
======================================================================
  [baseline] bronze=120000 silver=240000 gold=873 rows
  [producer] PID=953256 users_per_tick=200 delay=0.1s
  [producer] Running fixed workload: 100 ticks ...
[realtime-producer] Kafka: 127.0.0.1:9092  delay: 0.1s/tick
[realtime-producer] Loaded 7410 daily (user, date) entries
[realtime-producer] Pool size: 159508 entries across 71 users
[realtime-producer] Emitting 200 user(s) per tick
[realtime-producer] Fixed workload: 100 tick(s)
[realtime-producer] Reached MAX_TICKS=100
[realtime-producer] Done. Total ticks: 100
  [producer] Stopped at 12.35s; waiting for Delta commits to stabilise ...
    [Bronze] waiting (61.8s): {'heart_rate_intraday': (3600, 'no-commit'), 'hrv_intraday': (3600, 'no-commit'), 'breathing_intraday': (3600, 'commit')}
    [Silver] waiting (71.7s): {'heart_rate_intraday': (0, 'no-commit'), 'hrv_intraday': (0, 'no-commit'), 'breathing_intraday': (3600, 'no-commit')}
    [stable] Bronze -> 353.91s
    [stable] Silver -> 413.7s
  [gold] Silver stable; waiting for Gold to drain backlog (idle=75s, max=800s) ...
    [stable] Gold -> 304.09s

  Staleness avg=81.35s max=199.6s min=4.3s
  First Gold commit: 16.8s
  Catch-up lag: Bronze=353.92s Silver=413.7s Gold=291.74s
  Throughput rows/s: Bronze=6000.0 Silver=6000.0
  Integrity metrics: actual_input=4858.3 rows/s silver/bronze=1.0 catchup_ratio=41.37x
  Gold refreshed: yes rows_current=873
  E2E=426.05s rows added: b=60000 s=60000 gold_delta=0

======================================================================
[A] Run 4 approx 6000.0 req/s
======================================================================
  [baseline] bronze=180000 silver=300000 gold=873 rows
  [producer] PID=1077377 users_per_tick=200 delay=0.1s
  [producer] Running fixed workload: 100 ticks ...
[realtime-producer] Kafka: 127.0.0.1:9092  delay: 0.1s/tick
[realtime-producer] Loaded 7410 daily (user, date) entries
[realtime-producer] Pool size: 159508 entries across 71 users
[realtime-producer] Emitting 200 user(s) per tick
[realtime-producer] Fixed workload: 100 tick(s)
[realtime-producer] Reached MAX_TICKS=100
[realtime-producer] Done. Total ticks: 100
  [producer] Stopped at 12.4s; waiting for Delta commits to stabilise ...
    [Bronze] waiting (74.2s): {'heart_rate_intraday': (0, 'no-commit'), 'hrv_intraday': (7000, 'no-commit'), 'breathing_intraday': (7000, 'no-commit')}
    [Silver] waiting (83.0s): {'heart_rate_intraday': (0, 'no-commit'), 'hrv_intraday': (0, 'no-commit'), 'breathing_intraday': (0, 'no-commit')}
    [stable] Bronze -> 406.3s
    [stable] Silver -> 466.19s
  [gold] Silver stable; waiting for Gold to drain backlog (idle=75s, max=800s) ...
    [stable] Gold -> 154.99s

  Staleness avg=253.05s max=630.4s min=7.5s
  First Gold commit: 92.84s
  Catch-up lag: Bronze=406.31s Silver=466.19s Gold=142.59s
  Throughput rows/s: Bronze=6000.0 Silver=6000.0
  Integrity metrics: actual_input=4838.7 rows/s silver/bronze=1.0 catchup_ratio=46.62x
  Gold refreshed: yes rows_current=873
  E2E=478.59s rows added: b=60000 s=60000 gold_delta=0

--- Rate 200 users/tick (6000.0 req/s) ---
  Gold E2E          : 439.3s
  First-msg latency : 86.7s
  Avg staleness     : 186.7s
  Max staleness     : 454.7s
  Gold catch-up     : 213.3s
  Actual input rps  : 4845.2 rows/s
  Catch-up ratio    : 42.69x
  Silver/Bronze     : 1.000
  Bronze throughput : 6000.0 rows/s
  Silver throughput : 6000.0 rows/s
  Rows added        : bronze=60000 silver=60000
  Gold refreshed    : 3/3 run(s)
  Engine RAM peak   : 11657 MiB

========================================================================================================================
   req/s |      E2E |  1stLatency |  AvgStale |  MaxStale |  GoldLag | B rows/s | S rows/s |  B rows |  S rows | GoldOK |  EngineRAM
------------------------------------------------------------------------------------------------------------------------
  6000.0 |   439.3s |       86.7s |    186.7s |    454.7s |   213.3s |   6000.0 |   6000.0 |   60000 |   60000 |    3/3 |   11657MiB

Done. Results -> benchmark/results_20260524_003848.csv  Staleness -> benchmark/staleness_20260524_003848.csv
