[preflight] Verifying Spark streaming jobs are running ...
  OK spark_bronze.py
  OK spark_silver_streaming.py
  OK spark_gold_streaming.py

Pipeline A Benchmark - Spark Structured Streaming + Delta Lake
Request rates : [200] users/tick
Warmup runs   : 1  Measured runs: 3
Burst duration: 10s equivalent (100 fixed ticks)
Results       : benchmark/results_20260527_100205.csv
Staleness     : benchmark/staleness_20260527_100205.csv

======================================================================
[A] Run 1 approx 6000.0 req/s (WARMUP)
======================================================================
  [baseline] bronze=0 silver=0 gold=0 rows
  [producer] PID=2030595 users_per_tick=200 delay=0.1s
  [producer] Running fixed workload: 100 ticks ...
[realtime-producer] Kafka: 127.0.0.1:9092  delay: 0.1s/tick
[realtime-producer] Loaded 7410 daily (user, date) entries
[realtime-producer] Pool size: 159508 entries across 71 users
[realtime-producer] Emitting 200 user(s) per tick
[realtime-producer] Fixed workload: 100 tick(s)
[realtime-producer] Reached MAX_TICKS=100
[realtime-producer] Done. Total ticks: 100
  [producer] Stopped at 12.96s; waiting for Delta commits to stabilise ...
    [Bronze] waiting (41.3s): {'heart_rate_intraday': (0, 'no-commit'), 'hrv_intraday': (0, 'no-commit'), 'breathing_intraday': (0, 'no-commit')}
    [Silver] waiting (49.8s): {'heart_rate_intraday': (0, 'no-commit'), 'hrv_intraday': (0, 'no-commit'), 'breathing_intraday': (0, 'no-commit')}
    [Bronze] waiting (132.4s): {'heart_rate_intraday': (0, 'no-commit'), 'hrv_intraday': (20000, 'no-commit'), 'breathing_intraday': (20000, 'commit')}
    [Silver] waiting (154.0s): {'heart_rate_intraday': (0, 'no-commit'), 'hrv_intraday': (0, 'no-commit'), 'breathing_intraday': (0, 'no-commit')}
    [Bronze] waiting (202.7s): {'heart_rate_intraday': (0, 'no-commit'), 'hrv_intraday': (20000, 'commit'), 'breathing_intraday': (20000, 'commit')}
    [Silver] waiting (249.9s): {'heart_rate_intraday': (0, 'no-commit'), 'hrv_intraday': (20000, 'no-commit'), 'breathing_intraday': (20000, 'commit')}
    [stable] Bronze -> 489.27s
    [stable] Silver -> 547.26s
  [gold] Silver stable; waiting for Gold to drain backlog (idle=75s, max=800s) ...
    [stable] Gold -> 295.17s

  Staleness avg=166.51s max=355.8s min=6.6s
  First Gold commit: 209.26s
  Catch-up lag: Bronze=489.27s Silver=547.27s Gold=282.21s
  Throughput rows/s: Bronze=6000.0 Silver=6000.0
  Integrity metrics: actual_input=4629.6 rows/s silver/bronze=1.0 catchup_ratio=54.73x
  Gold refreshed: yes rows_current=873
  E2E=560.23s rows added: b=60000 s=60000 gold_delta=873

======================================================================
[A] Run 2 approx 6000.0 req/s
======================================================================
  [baseline] bronze=60000 silver=60000 gold=873 rows
  [producer] PID=2137024 users_per_tick=200 delay=0.1s
  [producer] Running fixed workload: 100 ticks ...
[realtime-producer] Kafka: 127.0.0.1:9092  delay: 0.1s/tick
[realtime-producer] Loaded 7410 daily (user, date) entries
[realtime-producer] Pool size: 159508 entries across 71 users
[realtime-producer] Emitting 200 user(s) per tick
[realtime-producer] Fixed workload: 100 tick(s)
[realtime-producer] Reached MAX_TICKS=100
[realtime-producer] Done. Total ticks: 100
  [producer] Stopped at 12.86s; waiting for Delta commits to stabilise ...
    [Bronze] waiting (46.5s): {'heart_rate_intraday': (0, 'no-commit'), 'hrv_intraday': (0, 'no-commit'), 'breathing_intraday': (0, 'no-commit')}
    [Silver] waiting (54.1s): {'heart_rate_intraday': (0, 'no-commit'), 'hrv_intraday': (0, 'no-commit'), 'breathing_intraday': (0, 'no-commit')}
    [Silver] waiting (115.8s): {'heart_rate_intraday': (0, 'no-commit'), 'hrv_intraday': (0, 'no-commit'), 'breathing_intraday': (0, 'no-commit')}
    [Silver] waiting (185.1s): {'heart_rate_intraday': (17800, 'commit'), 'hrv_intraday': (0, 'no-commit'), 'breathing_intraday': (20000, 'commit')}
    [stable] Bronze -> 455.64s
    [stable] Silver -> 546.75s
  [gold] Silver stable; waiting for Gold to drain backlog (idle=75s, max=800s) ...
    [stable] Gold -> 253.46s

  Staleness avg=292.43s max=699.2s min=6.3s
  First Gold commit: 160.36s
  Catch-up lag: Bronze=455.65s Silver=546.76s Gold=240.6s
  Throughput rows/s: Bronze=6000.0 Silver=6000.0
  Integrity metrics: actual_input=4665.6 rows/s silver/bronze=1.0 catchup_ratio=54.68x
  Gold refreshed: yes rows_current=873
  E2E=559.62s rows added: b=60000 s=60000 gold_delta=0

======================================================================
[A] Run 3 approx 6000.0 req/s
======================================================================
  [baseline] bronze=120000 silver=120000 gold=873 rows
  [producer] PID=2255911 users_per_tick=200 delay=0.1s
  [producer] Running fixed workload: 100 ticks ...
[realtime-producer] Kafka: 127.0.0.1:9092  delay: 0.1s/tick
[realtime-producer] Loaded 7410 daily (user, date) entries
[realtime-producer] Pool size: 159508 entries across 71 users
[realtime-producer] Emitting 200 user(s) per tick
[realtime-producer] Fixed workload: 100 tick(s)
[realtime-producer] Reached MAX_TICKS=100
[realtime-producer] Done. Total ticks: 100
  [producer] Stopped at 12.71s; waiting for Delta commits to stabilise ...
    [Bronze] waiting (67.0s): {'heart_rate_intraday': (0, 'no-commit'), 'hrv_intraday': (0, 'no-commit'), 'breathing_intraday': (0, 'no-commit')}
    [Silver] waiting (72.6s): {'heart_rate_intraday': (0, 'no-commit'), 'hrv_intraday': (0, 'no-commit'), 'breathing_intraday': (0, 'no-commit')}
    [Silver] waiting (160.6s): {'heart_rate_intraday': (20000, 'no-commit'), 'hrv_intraday': (0, 'no-commit'), 'breathing_intraday': (20000, 'no-commit')}
    [stable] Bronze -> 452.76s
    [stable] Silver -> 550.98s
  [gold] Silver stable; waiting for Gold to drain backlog (idle=75s, max=800s) ...
    [stable] Gold -> 226.18s

  Staleness avg=342.89s max=805.7s min=5.2s
  First Gold commit: 167.21s
  Catch-up lag: Bronze=452.76s Silver=550.99s Gold=213.47s
  Throughput rows/s: Bronze=6000.0 Silver=6000.0
  Integrity metrics: actual_input=4720.7 rows/s silver/bronze=1.0 catchup_ratio=55.1x
  Gold refreshed: yes rows_current=873
  E2E=563.7s rows added: b=60000 s=60000 gold_delta=0

======================================================================
[A] Run 4 approx 6000.0 req/s
======================================================================
  [baseline] bronze=180000 silver=180000 gold=873 rows
  [producer] PID=2375003 users_per_tick=200 delay=0.1s
  [producer] Running fixed workload: 100 ticks ...
[realtime-producer] Kafka: 127.0.0.1:9092  delay: 0.1s/tick
[realtime-producer] Loaded 7410 daily (user, date) entries
[realtime-producer] Pool size: 159508 entries across 71 users
[realtime-producer] Emitting 200 user(s) per tick
[realtime-producer] Fixed workload: 100 tick(s)
[realtime-producer] Reached MAX_TICKS=100
[realtime-producer] Done. Total ticks: 100
  [producer] Stopped at 12.76s; waiting for Delta commits to stabilise ...
    [Bronze] waiting (75.8s): {'heart_rate_intraday': (0, 'no-commit'), 'hrv_intraday': (0, 'no-commit'), 'breathing_intraday': (0, 'no-commit')}
    [Silver] waiting (80.2s): {'heart_rate_intraday': (0, 'no-commit'), 'hrv_intraday': (0, 'no-commit'), 'breathing_intraday': (0, 'no-commit')}
    [Silver] waiting (165.5s): {'heart_rate_intraday': (0, 'no-commit'), 'hrv_intraday': (20000, 'no-commit'), 'breathing_intraday': (20000, 'no-commit')}
    [Silver] waiting (314.0s): {'heart_rate_intraday': (20000, 'commit'), 'hrv_intraday': (0, 'commit'), 'breathing_intraday': (-60000, 'commit')}
    [stable] Bronze -> 399.43s
    [stable] Silver -> 562.55s
  [gold] Silver stable; waiting for Gold to drain backlog (idle=75s, max=800s) ...
    [stable] Gold -> 202.16s

  Staleness avg=386.69s max=1097.4s min=5.5s
  First Gold commit: 168.82s
  Catch-up lag: Bronze=399.43s Silver=562.56s Gold=189.4s
  Throughput rows/s: Bronze=6000.0 Silver=6000.0
  Integrity metrics: actual_input=4702.2 rows/s silver/bronze=1.0 catchup_ratio=56.26x
  Gold refreshed: yes rows_current=873
  E2E=575.32s rows added: b=60000 s=60000 gold_delta=0

--- Rate 200 users/tick (6000.0 req/s) ---
  Gold E2E          : 566.2s
  First-msg latency : 165.5s
  Avg staleness     : 340.7s
  Max staleness     : 867.4s
  Gold catch-up     : 214.5s
  Actual input rps  : 4696.2 rows/s
  Catch-up ratio    : 55.35x
  Silver/Bronze     : 1.000
  Bronze throughput : 6000.0 rows/s
  Silver throughput : 6000.0 rows/s
  Rows added        : bronze=60000 silver=60000
  Gold refreshed    : 3/3 run(s)
  Engine RAM peak   : 8895 MiB

========================================================================================================================
   req/s |      E2E |  1stLatency |  AvgStale |  MaxStale |  GoldLag | B rows/s | S rows/s |  B rows |  S rows | GoldOK |  EngineRAM
------------------------------------------------------------------------------------------------------------------------
  6000.0 |   566.2s |      165.5s |    340.7s |    867.4s |   214.5s |   6000.0 |   6000.0 |   60000 |   60000 |    3/3 |    8895MiB

Done. Results -> benchmark/results_20260527_100205.csv  Staleness -> benchmark/staleness_20260527_100205.csv
