[preflight] Verifying Spark streaming jobs are running ...
  OK spark_bronze.py
  OK spark_silver_streaming.py
  OK spark_gold_streaming.py

Pipeline A Benchmark - Spark Structured Streaming + Delta Lake
Request rates : [50] users/tick
Warmup runs   : 1  Measured runs: 3
Burst duration: 10s equivalent (100 fixed ticks)
Results       : benchmark/results_20260527_080550.csv
Staleness     : benchmark/staleness_20260527_080550.csv

======================================================================
[A] Run 1 approx 1500.0 req/s (WARMUP)
======================================================================
  [baseline] bronze=0 silver=0 gold=0 rows
  [producer] PID=1182527 users_per_tick=50 delay=0.1s
  [producer] Running fixed workload: 100 ticks ...
[realtime-producer] Kafka: 127.0.0.1:9092  delay: 0.1s/tick
[realtime-producer] Loaded 7410 daily (user, date) entries
[realtime-producer] Pool size: 159508 entries across 71 users
[realtime-producer] Emitting 50 user(s) per tick
[realtime-producer] Fixed workload: 100 tick(s)
[realtime-producer] Reached MAX_TICKS=100
[realtime-producer] Done. Total ticks: 100
  [producer] Stopped at 12.11s; waiting for Delta commits to stabilise ...
    [Bronze] waiting (40.4s): {'heart_rate_intraday': (0, 'no-commit'), 'hrv_intraday': (0, 'no-commit'), 'breathing_intraday': (0, 'no-commit')}
    [Silver] waiting (48.2s): {'heart_rate_intraday': (0, 'no-commit'), 'hrv_intraday': (0, 'no-commit'), 'breathing_intraday': (0, 'no-commit')}
    [stable] Bronze -> 321.74s
    [stable] Silver -> 433.01s
  [gold] Silver stable; waiting for Gold to drain backlog (idle=75s, max=800s) ...
    [stable] Gold -> 170.0s

  Staleness avg=181.96s max=364.0s min=7.9s
  First Gold commit: 124.73s
  Catch-up lag: Bronze=321.74s Silver=433.02s Gold=157.89s
  Throughput rows/s: Bronze=1500.0 Silver=1500.0
  Integrity metrics: actual_input=1238.6 rows/s silver/bronze=1.0 catchup_ratio=43.3x
  Gold refreshed: yes rows_current=217
  E2E=445.13s rows added: b=15000 s=15000 gold_delta=217

======================================================================
[A] Run 2 approx 1500.0 req/s
======================================================================
  [baseline] bronze=15000 silver=15000 gold=217 rows
  [producer] PID=1262308 users_per_tick=50 delay=0.1s
  [producer] Running fixed workload: 100 ticks ...
[realtime-producer] Kafka: 127.0.0.1:9092  delay: 0.1s/tick
[realtime-producer] Loaded 7410 daily (user, date) entries
[realtime-producer] Pool size: 159508 entries across 71 users
[realtime-producer] Emitting 50 user(s) per tick
[realtime-producer] Fixed workload: 100 tick(s)
[realtime-producer] Reached MAX_TICKS=100
[realtime-producer] Done. Total ticks: 100
  [producer] Stopped at 12.01s; waiting for Delta commits to stabilise ...
    [Bronze] waiting (47.5s): {'heart_rate_intraday': (0, 'no-commit'), 'hrv_intraday': (0, 'no-commit'), 'breathing_intraday': (0, 'no-commit')}
    [Silver] waiting (55.8s): {'heart_rate_intraday': (0, 'no-commit'), 'hrv_intraday': (0, 'no-commit'), 'breathing_intraday': (0, 'no-commit')}
    [stable] Bronze -> 285.7s
    [stable] Silver -> 445.95s
  [gold] Silver stable; waiting for Gold to drain backlog (idle=75s, max=800s) ...
    [stable] Gold -> 180.24s

  Staleness avg=342.58s max=717.7s min=6.6s
  First Gold commit: 180.24s
  Catch-up lag: Bronze=285.7s Silver=445.96s Gold=168.23s
  Throughput rows/s: Bronze=1500.0 Silver=1500.0
  Integrity metrics: actual_input=1249.0 rows/s silver/bronze=1.0 catchup_ratio=44.6x
  Gold refreshed: yes rows_current=217
  E2E=457.97s rows added: b=15000 s=15000 gold_delta=0

======================================================================
[A] Run 3 approx 1500.0 req/s
======================================================================
  [baseline] bronze=30000 silver=30000 gold=217 rows
  [producer] PID=1349706 users_per_tick=50 delay=0.1s
  [producer] Running fixed workload: 100 ticks ...
[realtime-producer] Kafka: 127.0.0.1:9092  delay: 0.1s/tick
[realtime-producer] Loaded 7410 daily (user, date) entries
[realtime-producer] Pool size: 159508 entries across 71 users
[realtime-producer] Emitting 50 user(s) per tick
[realtime-producer] Fixed workload: 100 tick(s)
[realtime-producer] Reached MAX_TICKS=100
[realtime-producer] Done. Total ticks: 100
  [producer] Stopped at 12.27s; waiting for Delta commits to stabilise ...
    [Bronze] waiting (54.5s): {'heart_rate_intraday': (0, 'no-commit'), 'hrv_intraday': (0, 'no-commit'), 'breathing_intraday': (0, 'no-commit')}
    [Silver] waiting (61.8s): {'heart_rate_intraday': (0, 'no-commit'), 'hrv_intraday': (0, 'no-commit'), 'breathing_intraday': (0, 'no-commit')}
    [Silver] waiting (129.7s): {'heart_rate_intraday': (0, 'no-commit'), 'hrv_intraday': (0, 'no-commit'), 'breathing_intraday': (5000, 'no-commit')}
    [stable] Bronze -> 314.13s
    [stable] Silver -> 418.4s
  [gold] Silver stable; waiting for Gold to drain backlog (idle=75s, max=800s) ...
    [stable] Gold -> 172.64s

  Staleness avg=339.19s max=748.6s min=9.8s
  First Gold commit: 172.64s
  Catch-up lag: Bronze=314.13s Silver=418.4s Gold=160.37s
  Throughput rows/s: Bronze=1500.0 Silver=1500.0
  Integrity metrics: actual_input=1222.5 rows/s silver/bronze=1.0 catchup_ratio=41.84x
  Gold refreshed: yes rows_current=217
  E2E=430.67s rows added: b=15000 s=15000 gold_delta=0

======================================================================
[A] Run 4 approx 1500.0 req/s
======================================================================
  [baseline] bronze=45000 silver=45000 gold=217 rows
  [producer] PID=1445002 users_per_tick=50 delay=0.1s
  [producer] Running fixed workload: 100 ticks ...
[realtime-producer] Kafka: 127.0.0.1:9092  delay: 0.1s/tick
[realtime-producer] Loaded 7410 daily (user, date) entries
[realtime-producer] Pool size: 159508 entries across 71 users
[realtime-producer] Emitting 50 user(s) per tick
[realtime-producer] Fixed workload: 100 tick(s)
[realtime-producer] Reached MAX_TICKS=100
[realtime-producer] Done. Total ticks: 100
  [producer] Stopped at 12.01s; waiting for Delta commits to stabilise ...
    [Bronze] waiting (73.9s): {'heart_rate_intraday': (2450, 'no-commit'), 'hrv_intraday': (2450, 'no-commit'), 'breathing_intraday': (2450, 'no-commit')}
    [Silver] waiting (76.6s): {'heart_rate_intraday': (0, 'no-commit'), 'hrv_intraday': (0, 'no-commit'), 'breathing_intraday': (2450, 'no-commit')}
    [Silver] waiting (215.3s): {'heart_rate_intraday': (-15000, 'commit'), 'hrv_intraday': (-15000, 'commit'), 'breathing_intraday': (5000, 'commit')}
    [stable] Bronze -> 398.87s
    [stable] Silver -> 475.47s
  [gold] Silver stable; waiting for Gold to drain backlog (idle=75s, max=800s) ...
    [stable] Gold -> 151.96s

  Staleness avg=283.32s max=807.5s min=4.3s
  First Gold commit: 92.78s
  Catch-up lag: Bronze=398.88s Silver=475.48s Gold=139.95s
  Throughput rows/s: Bronze=1500.0 Silver=1500.0
  Integrity metrics: actual_input=1249.0 rows/s silver/bronze=1.0 catchup_ratio=47.55x
  Gold refreshed: yes rows_current=217
  E2E=487.49s rows added: b=15000 s=15000 gold_delta=0

--- Rate 50 users/tick (1500.0 req/s) ---
  Gold E2E          : 458.7s
  First-msg latency : 148.6s
  Avg staleness     : 321.7s
  Max staleness     : 757.9s
  Gold catch-up     : 156.2s
  Actual input rps  : 1240.2 rows/s
  Catch-up ratio    : 44.66x
  Silver/Bronze     : 1.000
  Bronze throughput : 1500.0 rows/s
  Silver throughput : 1500.0 rows/s
  Rows added        : bronze=15000 silver=15000
  Gold refreshed    : 3/3 run(s)
  Engine RAM peak   : 7137 MiB

========================================================================================================================
   req/s |      E2E |  1stLatency |  AvgStale |  MaxStale |  GoldLag | B rows/s | S rows/s |  B rows |  S rows | GoldOK |  EngineRAM
------------------------------------------------------------------------------------------------------------------------
  1500.0 |   458.7s |      148.6s |    321.7s |    757.9s |   156.2s |   1500.0 |   1500.0 |   15000 |   15000 |    3/3 |    7137MiB

Done. Results -> benchmark/results_20260527_080550.csv  Staleness -> benchmark/staleness_20260527_080550.csv
